// Jest Snapshot v1, https://goo.gl/fbAQLP

exports[`Sign up Snapshots renders sign up 1`] = `
.c4 {
  width: 100%;
  position: absolute;
  bottom: 0px;
  margin-top: 3rem;
  --tw-bg-opacity: 1;
  background-color: rgba(229,231,235,var(--tw-bg-opacity));
  padding-left: 3.5rem;
  padding-right: 3.5rem;
  padding-top: 1rem;
  padding-bottom: 1rem;
  font-size: 0.75rem;
  line-height: 1rem;
  --tw-text-opacity: 1;
  color: rgba(156,163,175,var(--tw-text-opacity));
}

.c5 {
  color: var(--color-primary);
}

.c5:hover {
  color: var(--color-secondary);
  -webkit-text-decoration: underline;
  text-decoration: underline;
}

.c1 {
  width: 100%;
  margin-left: auto;
  margin-right: auto;
  -webkit-user-select: none;
  -moz-user-select: none;
  -ms-user-select: none;
  user-select: none;
}

.c2 {
  padding-top: 0.5rem;
  padding-bottom: 0.5rem;
  display: -webkit-box;
  display: -webkit-flex;
  display: -ms-flexbox;
  display: flex;
  -webkit-box-pack: justify;
  -webkit-justify-content: space-between;
  -ms-flex-pack: justify;
  justify-content: space-between;
}

.c3 {
  font-weight: 700;
  font-size: 1.5rem;
  line-height: 2rem;
  color: var(--color-primary);
  font-family: ui-sans-serif,system-ui,-apple-system,BlinkMacSystemFont,"Segoe UI",Roboto,"Helvetica Neue",Arial,"Noto Sans",sans-serif,"Apple Color Emoji","Segoe UI Emoji","Segoe UI Symbol","Noto Color Emoji";
  display: -webkit-box;
  display: -webkit-flex;
  display: -ms-flexbox;
  display: flex;
  -webkit-align-items: center;
  -webkit-box-align: center;
  -ms-flex-align: center;
  align-items: center;
}

.c0 {
  width: 100%;
  -webkit-user-select: none;
  -moz-user-select: none;
  -ms-user-select: none;
  user-select: none;
}

@media (min-width:640px) {
  .c1 {
    max-width: 640px;
  }
}

@media (min-width:768px) {
  .c1 {
    max-width: 768px;
  }
}

@media (min-width:1024px) {
  .c1 {
    max-width: 1024px;
  }
}

@media (min-width:1280px) {
  .c1 {
    max-width: 1280px;
  }
}

@media (min-width:1536px) {
  .c1 {
    max-width: 1536px;
  }
}

<div
  className="c0"
>
  <div
    className="c1"
  >
    <div
      className="c2"
    >
      <div
        className="c3"
        data-cy="header-logo-link"
      >
        <a
          href="/"
          onClick={[Function]}
          onMouseEnter={[Function]}
        >
          conduit
        </a>
      </div>
      <div
        className="text-base leading-6 text-gray-400 font-sans flex items-center"
      >
        <div
          className="py-2 ml-4 cursor-pointer first:ml-0 hover:text-gray-800 flex "
          data-cy="header-home-link"
        >
          <div
            className="flex items-center"
            href="/"
            onClick={[Function]}
            onMouseEnter={[Function]}
          >
            <span
              className="mr-1"
            />
            <span>
              Home
            </span>
          </div>
        </div>
        <div
          className="py-2 ml-4 cursor-pointer first:ml-0 hover:text-gray-800 flex "
          data-cy="header-sign-in-link"
        >
          <div
            className="flex items-center"
            href="/auth/sign-in"
            onClick={[Function]}
            onMouseEnter={[Function]}
          >
            <span
              className="mr-1"
            />
            <span>
              Sign in
            </span>
          </div>
        </div>
        <div
          className="py-2 ml-4 cursor-pointer first:ml-0 hover:text-gray-800 flex "
          data-cy="header-sign-up-link"
        >
          <div
            className="flex items-center"
            href="/auth/sign-up"
            onClick={[Function]}
            onMouseEnter={[Function]}
          >
            <span
              className="mr-1"
            />
            <span>
              Sign up
            </span>
          </div>
        </div>
      </div>
    </div>
  </div>
  <div
    className="container mx-auto mt-8"
  >
    <div
      className="w-full max-w-md mx-auto"
    >
      <h1
        className="text-4xl text-center mb-4"
        data-cy="content-page-title"
      >
        Sign Up
      </h1>
      <div
        className="text-primary hover:text-secondary text-center mb-4"
        data-cy="content-sign-in-link"
      >
        <a
          href="/auth/sign-in"
          onClick={[Function]}
          onMouseEnter={[Function]}
        >
          Have an account?
        </a>
      </div>
      <form
        onSubmit={[Function]}
      >
        <div
          className="flex flex-col gap-4"
        >
          <div>
            <input
              className=" block w-full rounded-md border-gray-300 shadow-sm focus:border-indigo-300 focus:ring focus:ring-indigo-200 focus:ring-opacity-50 disabled:opacity-50 disabled:cursor-not-allowed"
              data-cy="content-form-input-username"
              disabled={false}
              name="username"
              onBlur={[Function]}
              onChange={[Function]}
              placeholder="Username"
              type="text"
            />
          </div>
          <div>
            <input
              className=" block w-full rounded-md border-gray-300 shadow-sm focus:border-indigo-300 focus:ring focus:ring-indigo-200 focus:ring-opacity-50 disabled:opacity-50 disabled:cursor-not-allowed"
              data-cy="content-form-input-email"
              disabled={false}
              name="email"
              onBlur={[Function]}
              onChange={[Function]}
              placeholder="Email"
              type="email"
            />
          </div>
          <div>
            <input
              className=" block w-full rounded-md border-gray-300 shadow-sm focus:border-indigo-300 focus:ring focus:ring-indigo-200 focus:ring-opacity-50 disabled:opacity-50 disabled:cursor-not-allowed"
              data-cy="content-form-input-password"
              disabled={false}
              name="password"
              onBlur={[Function]}
              onChange={[Function]}
              placeholder="Password"
              type="password"
            />
          </div>
          <button
            className="ml-auto px-6 py-3 hover:text-opacity-80 hover:bg-opacity-80 hover:border-opacity-80 font-bold border rounded focus:outline-none focus:shadow-outline disabled:opacity-50 disabled:cursor-not-allowed bg-primary border-primary text-white"
            data-cy="content-form-button-submit"
            disabled={false}
            type="submit"
          >
            Sing up
          </button>
        </div>
      </form>
    </div>
  </div>
  <div
    className="c4"
  >
    <span
      className="c5 text-base mr-1 font-bold"
      data-cy="footer-logo-link"
      href="/"
      onClick={[Function]}
      onMouseEnter={[Function]}
    >
      conduit
    </span>
    Â© 2020. An interactive learning project from
    <span
      className="c5 ml-1"
      data-cy="footer-site-link"
      href="https://thinkster.io/"
      onClick={[Function]}
      onMouseEnter={[Function]}
    >
      Thinkster
    </span>
    . Code licensed under MIT.
  </div>
</div>
`;
