// Jest Snapshot v1, https://goo.gl/fbAQLP

exports[`User Settings Snapshots renders user settings 1`] = `
<div
  className="BaseLayoutTemplate__Container-sc-1jz5xvr-0 gAVYwR"
>
  <div
    className="HeaderTemplate__Container-sc-kdla34-0 inxbiA"
  >
    <div
      className="HeaderTemplate__Heading-sc-kdla34-1 laFayD"
    >
      <div
        className="HeaderTemplate__HeadingTitle-sc-kdla34-2 bAZjNO"
        data-cy="header-logo-link"
      >
        <a
          href="/"
          onClick={[Function]}
          onMouseEnter={[Function]}
        >
          conduit
        </a>
      </div>
      <div
        className="text-base leading-6 text-gray-400 font-sans flex items-center"
      >
        <div
          className="py-2 ml-4 cursor-pointer first:ml-0 hover:text-gray-800 flex "
          data-cy="header-home-link"
        >
          <div
            className="flex items-center"
            href="/"
            onClick={[Function]}
            onMouseEnter={[Function]}
          >
            <span
              className="mr-1"
            />
            <span>
              Home
            </span>
          </div>
        </div>
        <div
          className="py-2 ml-4 cursor-pointer first:ml-0 hover:text-gray-800 flex "
          data-cy="header-new-post-link"
        >
          <div
            className="flex items-center"
            href="/editor/new"
            onClick={[Function]}
            onMouseEnter={[Function]}
          >
            <span
              className="mr-1"
            >
              <svg
                fill="currentColor"
                height="1em"
                stroke="currentColor"
                strokeWidth="0"
                style={
                  Object {
                    "color": undefined,
                  }
                }
                viewBox="0 0 1024 1024"
                width="1em"
                xmlns="http://www.w3.org/2000/svg"
              >
                <path
                  d="M257.7 752c2 0 4-.2 6-.5L431.9 722c2-.4 3.9-1.3 5.3-2.8l423.9-423.9a9.96 9.96 0 0 0 0-14.1L694.9 114.9c-1.9-1.9-4.4-2.9-7.1-2.9s-5.2 1-7.1 2.9L256.8 538.8c-1.5 1.5-2.4 3.3-2.8 5.3l-29.5 168.2a33.5 33.5 0 0 0 9.4 29.8c6.6 6.4 14.9 9.9 23.8 9.9zm67.4-174.4L687.8 215l73.3 73.3-362.7 362.6-88.9 15.7 15.6-89zM880 836H144c-17.7 0-32 14.3-32 32v36c0 4.4 3.6 8 8 8h784c4.4 0 8-3.6 8-8v-36c0-17.7-14.3-32-32-32z"
                />
              </svg>
            </span>
            <span>
              New Post
            </span>
          </div>
        </div>
        <div
          className="py-2 ml-4 cursor-pointer first:ml-0 hover:text-gray-800 flex "
          data-cy="header-settings-link"
        >
          <div
            className="flex items-center"
            href="/user/settings"
            onClick={[Function]}
            onMouseEnter={[Function]}
          >
            <span
              className="mr-1"
            >
              <svg
                fill="currentColor"
                height="1em"
                stroke="currentColor"
                strokeWidth="0"
                style={
                  Object {
                    "color": undefined,
                  }
                }
                viewBox="0 0 1024 1024"
                width="1em"
                xmlns="http://www.w3.org/2000/svg"
              >
                <path
                  d="M924.8 625.7l-65.5-56c3.1-19 4.7-38.4 4.7-57.8s-1.6-38.8-4.7-57.8l65.5-56a32.03 32.03 0 0 0 9.3-35.2l-.9-2.6a443.74 443.74 0 0 0-79.7-137.9l-1.8-2.1a32.12 32.12 0 0 0-35.1-9.5l-81.3 28.9c-30-24.6-63.5-44-99.7-57.6l-15.7-85a32.05 32.05 0 0 0-25.8-25.7l-2.7-.5c-52.1-9.4-106.9-9.4-159 0l-2.7.5a32.05 32.05 0 0 0-25.8 25.7l-15.8 85.4a351.86 351.86 0 0 0-99 57.4l-81.9-29.1a32 32 0 0 0-35.1 9.5l-1.8 2.1a446.02 446.02 0 0 0-79.7 137.9l-.9 2.6c-4.5 12.5-.8 26.5 9.3 35.2l66.3 56.6c-3.1 18.8-4.6 38-4.6 57.1 0 19.2 1.5 38.4 4.6 57.1L99 625.5a32.03 32.03 0 0 0-9.3 35.2l.9 2.6c18.1 50.4 44.9 96.9 79.7 137.9l1.8 2.1a32.12 32.12 0 0 0 35.1 9.5l81.9-29.1c29.8 24.5 63.1 43.9 99 57.4l15.8 85.4a32.05 32.05 0 0 0 25.8 25.7l2.7.5a449.4 449.4 0 0 0 159 0l2.7-.5a32.05 32.05 0 0 0 25.8-25.7l15.7-85a350 350 0 0 0 99.7-57.6l81.3 28.9a32 32 0 0 0 35.1-9.5l1.8-2.1c34.8-41.1 61.6-87.5 79.7-137.9l.9-2.6c4.5-12.3.8-26.3-9.3-35zM788.3 465.9c2.5 15.1 3.8 30.6 3.8 46.1s-1.3 31-3.8 46.1l-6.6 40.1 74.7 63.9a370.03 370.03 0 0 1-42.6 73.6L721 702.8l-31.4 25.8c-23.9 19.6-50.5 35-79.3 45.8l-38.1 14.3-17.9 97a377.5 377.5 0 0 1-85 0l-17.9-97.2-37.8-14.5c-28.5-10.8-55-26.2-78.7-45.7l-31.4-25.9-93.4 33.2c-17-22.9-31.2-47.6-42.6-73.6l75.5-64.5-6.5-40c-2.4-14.9-3.7-30.3-3.7-45.5 0-15.3 1.2-30.6 3.7-45.5l6.5-40-75.5-64.5c11.3-26.1 25.6-50.7 42.6-73.6l93.4 33.2 31.4-25.9c23.7-19.5 50.2-34.9 78.7-45.7l37.9-14.3 17.9-97.2c28.1-3.2 56.8-3.2 85 0l17.9 97 38.1 14.3c28.7 10.8 55.4 26.2 79.3 45.8l31.4 25.8 92.8-32.9c17 22.9 31.2 47.6 42.6 73.6L781.8 426l6.5 39.9zM512 326c-97.2 0-176 78.8-176 176s78.8 176 176 176 176-78.8 176-176-78.8-176-176-176zm79.2 255.2A111.6 111.6 0 0 1 512 614c-29.9 0-58-11.7-79.2-32.8A111.6 111.6 0 0 1 400 502c0-29.9 11.7-58 32.8-79.2C454 401.6 482.1 390 512 390c29.9 0 58 11.6 79.2 32.8A111.6 111.6 0 0 1 624 502c0 29.9-11.7 58-32.8 79.2z"
                />
              </svg>
            </span>
            <span>
              Settings
            </span>
          </div>
        </div>
        <div
          className="py-2 ml-4 cursor-pointer first:ml-0 hover:text-gray-800 flex "
          data-cy="header-profile-link"
        >
          <div
            className="flex items-center"
            href="/profile/Jacob"
            onClick={[Function]}
            onMouseEnter={[Function]}
          >
            <span
              className="mr-1"
            />
            <span>
              <div
                className="flex items-center gap-1"
              >
                <div
                  className="Avatar__Wrapper-sc-m9feoe-0 icAXkY"
                >
                  <div
                    className="Avatar__Container-sc-m9feoe-1 JCubi w-5 h-5"
                  >
                    <img
                      alt="avatar"
                      className="Avatar__Img-sc-m9feoe-2 iQvAVN rounded-full"
                      src="https://i.stack.imgur.com/xHWG8.jpg"
                    />
                  </div>
                </div>
                Jacob
              </div>
            </span>
          </div>
        </div>
      </div>
    </div>
  </div>
  <div
    className="container mx-auto mt-8"
  >
    <div
      className="w-full max-w-md mx-auto"
    >
      <h1
        className="text-4xl text-center mb-4"
        data-cy="content-page-title"
      >
        Your Settings
      </h1>
      <form
        onSubmit={[Function]}
      >
        <div
          className="flex flex-col gap-4"
        >
          <div
            className="Avatar__Wrapper-sc-m9feoe-0 icAXkY"
            data-cy="user-image"
          >
            <div
              className="Avatar__Container-sc-m9feoe-1 JCubi w-32 h-32"
            >
              <img
                alt="avatar"
                className="Avatar__Img-sc-m9feoe-2 iQvAVN rounded-full"
                src="https://i.stack.imgur.com/xHWG8.jpg"
              />
            </div>
          </div>
          <div
            className="mx-auto"
            data-cy="content-form-upload"
          >
            <button
              className=" px-6 py-3 hover:text-opacity-80 hover:bg-opacity-80 hover:border-opacity-80 font-bold border rounded focus:outline-none focus:shadow-outline disabled:opacity-50 disabled:cursor-not-allowed bg-white border-gray-900 text-gray-900"
              onClick={[Function]}
              type="button"
            >
              Upload new profile
            </button>
            <input
              accept="image/png,image/jpeg"
              hidden={true}
              multiple={false}
              onChange={[Function]}
              type="file"
            />
          </div>
          <div>
            <input
              className="false false"
              data-cy="content-form-input-id"
              defaultValue={1}
              disabled={false}
              hidden={true}
              name="id"
              onBlur={[Function]}
              onChange={[Function]}
              placeholder="Id"
              type="number"
            />
          </div>
          <div>
            <input
              className=" block w-full rounded-md border-gray-300 shadow-sm focus:border-indigo-300 focus:ring focus:ring-indigo-200 focus:ring-opacity-50 disabled:opacity-50 disabled:cursor-not-allowed"
              data-cy="content-form-input-username"
              defaultValue="Jacob"
              disabled={false}
              name="username"
              onBlur={[Function]}
              onChange={[Function]}
              placeholder="Username"
              type="text"
            />
          </div>
          <div>
            <textarea
              className=" mt-1 block w-full rounded-md border-gray-300 shadow-sm focus:border-indigo-300 focus:ring focus:ring-indigo-200 focus:ring-opacity-50"
              data-cy="content-form-input-bio"
              defaultValue="I like to skateboard"
              disabled={false}
              name="bio"
              onBlur={[Function]}
              onChange={[Function]}
              placeholder="Short bio about you"
              rows={8}
            />
          </div>
          <div>
            <input
              className=" block w-full rounded-md border-gray-300 shadow-sm focus:border-indigo-300 focus:ring focus:ring-indigo-200 focus:ring-opacity-50 disabled:opacity-50 disabled:cursor-not-allowed"
              data-cy="content-form-input-email"
              defaultValue="jake@jake.jake"
              disabled={false}
              name="email"
              onBlur={[Function]}
              onChange={[Function]}
              placeholder="Email"
              type="email"
            />
          </div>
          <div>
            <input
              className=" block w-full rounded-md border-gray-300 shadow-sm focus:border-indigo-300 focus:ring focus:ring-indigo-200 focus:ring-opacity-50 disabled:opacity-50 disabled:cursor-not-allowed"
              data-cy="content-form-input-password"
              disabled={false}
              name="password"
              onBlur={[Function]}
              onChange={[Function]}
              placeholder="New Password"
              type="password"
            />
          </div>
          <button
            className="ml-auto px-6 py-3 hover:text-opacity-80 hover:bg-opacity-80 hover:border-opacity-80 font-bold border rounded focus:outline-none focus:shadow-outline disabled:opacity-50 disabled:cursor-not-allowed bg-primary border-primary text-white"
            data-cy="content-form-button-submit"
            disabled={false}
            type="submit"
          >
            Update Settings
          </button>
          <hr
            className="border-t border-gray-200"
          />
          <button
            className="mr-auto px-6 py-3 hover:text-opacity-80 hover:bg-opacity-80 hover:border-opacity-80 font-bold border rounded focus:outline-none focus:shadow-outline disabled:opacity-50 disabled:cursor-not-allowed bg-white border-red-500 text-red-500"
            data-cy="content-button-logout"
            onClick={[Function]}
            type="button"
          >
            Or click here to logout
          </button>
        </div>
      </form>
    </div>
  </div>
  <div
    className="FooterTemplate__Container-sc-96wla6-0 dxhwgY"
  >
    <span
      className="FooterTemplate__SiteLink-sc-96wla6-1 iJSbEN text-base mr-1 font-bold"
      data-cy="footer-logo-link"
      href="/"
      onClick={[Function]}
      onMouseEnter={[Function]}
    >
      conduit
    </span>
    © 2020. An interactive learning project from
    <span
      className="FooterTemplate__SiteLink-sc-96wla6-1 iJSbEN ml-1"
      data-cy="footer-site-link"
      href="https://thinkster.io/"
      onClick={[Function]}
      onMouseEnter={[Function]}
    >
      Thinkster
    </span>
    . Code licensed under MIT.
  </div>
</div>
`;
